src/app/(dashboard)/dashboard/team/page.tsx(19,127): error TS2322: Type '{ children: Element[]; className: string; onClick: () => void; }' is not assignable to type 'IntrinsicAttributes & GlassCardProps'.
  Property 'onClick' does not exist on type 'IntrinsicAttributes & GlassCardProps'.
src/app/(dashboard)/dashboard/team/page.tsx(25,129): error TS2322: Type '{ children: Element[]; className: string; onClick: () => void; }' is not assignable to type 'IntrinsicAttributes & GlassCardProps'.
  Property 'onClick' does not exist on type 'IntrinsicAttributes & GlassCardProps'.
src/components/ui/glitch-button.tsx(15,8): error TS2322: Type '{ children: Element[]; disabled?: boolean | undefined; form?: string | undefined; formAction?: string | ((formData: FormData) => void | Promise<void>) | undefined; ... 285 more ...; className: string; }' is not assignable to type 'Omit<HTMLMotionProps<"button">, "ref">'.
  Types of property 'onDrag' are incompatible.
    Type 'DragEventHandler<HTMLButtonElement> | undefined' is not assignable to type '((event: PointerEvent | MouseEvent | TouchEvent, info: PanInfo) => void) | undefined'.
      Type 'DragEventHandler<HTMLButtonElement>' is not assignable to type '(event: PointerEvent | MouseEvent | TouchEvent, info: PanInfo) => void'.
        Types of parameters 'event' and 'event' are incompatible.
          Type 'PointerEvent | MouseEvent | TouchEvent' is not assignable to type 'DragEvent<HTMLButtonElement>'.
            Type 'PointerEvent' is missing the following properties from type 'DragEvent<HTMLButtonElement>': dataTransfer, nativeEvent, isDefaultPrevented, isPropagationStopped, persist
string_tune.fiddle.digital/eu-assets.i.posthog.com/src/extensions/surveys.tsx(1,60): error TS2307: Cannot find module 'preact' or its corresponding type declarations.
string_tune.fiddle.digital/eu-assets.i.posthog.com/src/extensions/surveys.tsx(2,66): error TS2307: Cannot find module 'preact/hooks' or its corresponding type declarations.
string_tune.fiddle.digital/eu-assets.i.posthog.com/src/extensions/surveys.tsx(3,25): error TS2307: Cannot find module '../posthog-core' or its corresponding type declarations.
string_tune.fiddle.digital/eu-assets.i.posthog.com/src/extensions/surveys.tsx(28,37): error TS2307: Cannot find module '@posthog/core' or its corresponding type declarations.
string_tune.fiddle.digital/eu-assets.i.posthog.com/src/extensions/surveys.tsx(29,28): error TS2307: Cannot find module '../types' or its corresponding type declarations.
string_tune.fiddle.digital/eu-assets.i.posthog.com/src/extensions/surveys.tsx(525,44): error TS7006: Parameter 'surveys' implicitly has an 'any' type.
string_tune.fiddle.digital/eu-assets.i.posthog.com/src/extensions/surveys.tsx(526,61): error TS7006: Parameter 'survey' implicitly has an 'any' type.
string_tune.fiddle.digital/eu-assets.i.posthog.com/src/extensions/surveys/components/BottomSection.tsx(5,28): error TS2307: Cannot find module 'preact/hooks' or its corresponding type declarations.
string_tune.fiddle.digital/eu-assets.i.posthog.com/src/extensions/surveys/components/ConfirmationMessage.tsx(1,19): error TS2307: Cannot find module 'preact' or its corresponding type declarations.
string_tune.fiddle.digital/eu-assets.i.posthog.com/src/extensions/surveys/components/ConfirmationMessage.tsx(7,39): error TS2307: Cannot find module 'preact/hooks' or its corresponding type declarations.
string_tune.fiddle.digital/eu-assets.i.posthog.com/src/extensions/surveys/components/QuestionHeader.tsx(1,19): error TS2307: Cannot find module 'preact' or its corresponding type declarations.
string_tune.fiddle.digital/eu-assets.i.posthog.com/src/extensions/surveys/components/QuestionHeader.tsx(2,28): error TS2307: Cannot find module 'preact/hooks' or its corresponding type declarations.
string_tune.fiddle.digital/eu-assets.i.posthog.com/src/extensions/surveys/components/QuestionHeader.tsx(18,14): error TS2322: Type '{ children: any[]; class: string; }' is not assignable to type 'DetailedHTMLProps<HTMLAttributes<HTMLDivElement>, HTMLDivElement>'.
  Property 'class' does not exist on type 'DetailedHTMLProps<HTMLAttributes<HTMLDivElement>, HTMLDivElement>'. Did you mean 'className'?
string_tune.fiddle.digital/eu-assets.i.posthog.com/src/extensions/surveys/components/QuestionTypes.tsx(1,36): error TS2307: Cannot find module 'preact' or its corresponding type declarations.
string_tune.fiddle.digital/eu-assets.i.posthog.com/src/extensions/surveys/components/QuestionTypes.tsx(2,54): error TS2307: Cannot find module 'preact/hooks' or its corresponding type declarations.
string_tune.fiddle.digital/eu-assets.i.posthog.com/src/extensions/surveys/components/QuestionTypes.tsx(11,53): error TS2307: Cannot find module '@posthog/core' or its corresponding type declarations.
string_tune.fiddle.digital/eu-assets.i.posthog.com/src/extensions/surveys/components/QuestionTypes.tsx(32,30): error TS18046: 'value' is of type 'unknown'.
string_tune.fiddle.digital/eu-assets.i.posthog.com/src/extensions/surveys/components/QuestionTypes.tsx(32,43): error TS7006: Parameter 'item' implicitly has an 'any' type.
string_tune.fiddle.digital/eu-assets.i.posthog.com/src/extensions/surveys/components/QuestionTypes.tsx(40,9): error TS2322: Type 'string | number | string[] | null | undefined' is not assignable to type 'string | string[] | null'.
  Type 'undefined' is not assignable to type 'string | string[] | null'.
string_tune.fiddle.digital/eu-assets.i.posthog.com/src/extensions/surveys/components/QuestionTypes.tsx(52,53): error TS2345: Argument of type 'string | number | string[] | null | undefined' is not assignable to parameter of type 'string'.
  Type 'undefined' is not assignable to type 'string'.
string_tune.fiddle.digital/eu-assets.i.posthog.com/src/extensions/surveys/components/QuestionTypes.tsx(55,13): error TS2322: Type 'string | number | string[] | null | undefined' is not assignable to type 'string'.
  Type 'undefined' is not assignable to type 'string'.
string_tune.fiddle.digital/eu-assets.i.posthog.com/src/extensions/surveys/components/QuestionTypes.tsx(176,38): error TS18049: 'initialValue' is possibly 'null' or 'undefined'.
string_tune.fiddle.digital/eu-assets.i.posthog.com/src/extensions/surveys/components/QuestionTypes.tsx(176,51): error TS2339: Property 'length' does not exist on type 'string | number | string[]'.
  Property 'length' does not exist on type 'number'.
string_tune.fiddle.digital/eu-assets.i.posthog.com/src/extensions/surveys/components/QuestionTypes.tsx(176,83): error TS18049: 'initialValue' is possibly 'null' or 'undefined'.
string_tune.fiddle.digital/eu-assets.i.posthog.com/src/extensions/surveys/components/QuestionTypes.tsx(176,83): error TS7053: Element implicitly has an 'any' type because expression of type '0' can't be used to index type 'string | number | string[]'.
  Property '0' does not exist on type 'string | number | string[]'.
string_tune.fiddle.digital/eu-assets.i.posthog.com/src/extensions/surveys/components/QuestionTypes.tsx(177,29): error TS18049: 'initialValue' is possibly 'null' or 'undefined'.
string_tune.fiddle.digital/eu-assets.i.posthog.com/src/extensions/surveys/components/QuestionTypes.tsx(177,29): error TS7053: Element implicitly has an 'any' type because expression of type '0' can't be used to index type 'string | number | string[]'.
  Property '0' does not exist on type 'string | number | string[]'.
string_tune.fiddle.digital/eu-assets.i.posthog.com/src/extensions/surveys/components/QuestionTypes.tsx(179,57): error TS2345: Argument of type 'string | number | string[] | null | undefined' is not assignable to parameter of type 'string'.
  Type 'undefined' is not assignable to type 'string'.
string_tune.fiddle.digital/eu-assets.i.posthog.com/src/extensions/surveys/components/QuestionTypes.tsx(180,29): error TS2345: Argument of type 'string | number | string[] | null | undefined' is not assignable to parameter of type 'string'.
  Type 'undefined' is not assignable to type 'string'.
string_tune.fiddle.digital/eu-assets.i.posthog.com/src/extensions/surveys/components/QuestionTypes.tsx(327,32): error TS7006: Parameter 'prev' implicitly has an 'any' type.
string_tune.fiddle.digital/eu-assets.i.posthog.com/src/extensions/surveys/components/QuestionTypes.tsx(347,32): error TS7006: Parameter 'prev' implicitly has an 'any' type.
string_tune.fiddle.digital/eu-assets.i.posthog.com/src/extensions/surveys/components/QuestionTypes.tsx(364,60): error TS7006: Parameter 'choice' implicitly has an 'any' type.
string_tune.fiddle.digital/eu-assets.i.posthog.com/src/extensions/surveys/components/QuestionTypes.tsx(375,28): error TS7006: Parameter 'prev' implicitly has an 'any' type.
string_tune.fiddle.digital/eu-assets.i.posthog.com/src/extensions/surveys/components/QuestionTypes.tsx(397,32): error TS7006: Parameter 'prev' implicitly has an 'any' type.
string_tune.fiddle.digital/eu-assets.i.posthog.com/src/extensions/surveys/surveys-extension-utils.tsx(1,62): error TS2307: Cannot find module 'preact' or its corresponding type declarations.
string_tune.fiddle.digital/eu-assets.i.posthog.com/src/extensions/surveys/surveys-extension-utils.tsx(2,25): error TS2307: Cannot find module '../../posthog-core' or its corresponding type declarations.
string_tune.fiddle.digital/eu-assets.i.posthog.com/src/extensions/surveys/surveys-extension-utils.tsx(24,36): error TS2307: Cannot find module '@posthog/core' or its corresponding type declarations.
string_tune.fiddle.digital/eu-assets.i.posthog.com/src/extensions/surveys/surveys-extension-utils.tsx(26,34): error TS2307: Cannot find module '@posthog/core' or its corresponding type declarations.
string_tune.fiddle.digital/eu-assets.i.posthog.com/src/extensions/surveys/surveys-extension-utils.tsx(28,47): error TS2307: Cannot find module '../../types' or its corresponding type declarations.
string_tune.fiddle.digital/eu-assets.i.posthog.com/src/extensions/surveys/surveys-extension-utils.tsx(33,26): error TS2307: Cannot find module './survey.css' or its corresponding type declarations.
string_tune.fiddle.digital/eu-assets.i.posthog.com/src/extensions/surveys/surveys-extension-utils.tsx(34,28): error TS2307: Cannot find module 'preact/hooks' or its corresponding type declarations.
string_tune.fiddle.digital/eu-assets.i.posthog.com/src/extensions/surveys/surveys-extension-utils.tsx(143,25): error TS2367: This comparison appears to be unintentional because the types '"#eeeded"' and '"white"' have no overlap.
string_tune.fiddle.digital/eu-assets.i.posthog.com/src/extensions/surveys/surveys-extension-utils.tsx(412,20): error TS2461: Type 'string | number | string[] | null' is not an array type.
string_tune.fiddle.digital/eu-assets.i.posthog.com/src/extensions/utils/stylesheet-loader.ts(1,25): error TS2307: Cannot find module '../../posthog-core' or its corresponding type declarations.
string_tune.fiddle.digital/eu-assets.i.posthog.com/src/posthog-surveys-types.ts(7,52): error TS2307: Cannot find module './types' or its corresponding type declarations.
string_tune.fiddle.digital/eu-assets.i.posthog.com/src/posthog-surveys-types.ts(8,63): error TS2307: Cannot find module '@posthog/core' or its corresponding type declarations.
string_tune.fiddle.digital/eu-assets.i.posthog.com/src/posthog-surveys-types.ts(176,41): error TS2307: Cannot find module '@posthog/types' or its corresponding type declarations.
string_tune.fiddle.digital/eu-assets.i.posthog.com/src/request.ts(2,20): error TS2307: Cannot find module './config' or its corresponding type declarations.
string_tune.fiddle.digital/eu-assets.i.posthog.com/src/request.ts(3,66): error TS2307: Cannot find module './types' or its corresponding type declarations.
string_tune.fiddle.digital/eu-assets.i.posthog.com/src/request.ts(4,33): error TS2307: Cannot find module './utils/request-utils' or its corresponding type declarations.
string_tune.fiddle.digital/eu-assets.i.posthog.com/src/request.ts(8,35): error TS2307: Cannot find module 'fflate' or its corresponding type declarations.
string_tune.fiddle.digital/eu-assets.i.posthog.com/src/request.ts(10,31): error TS2307: Cannot find module './utils/encode-utils' or its corresponding type declarations.
string_tune.fiddle.digital/eu-assets.i.posthog.com/src/utils/globals.ts(1,30): error TS2307: Cannot find module '../posthog-core' or its corresponding type declarations.
string_tune.fiddle.digital/eu-assets.i.posthog.com/src/utils/globals.ts(2,34): error TS2307: Cannot find module '../sessionid' or its corresponding type declarations.
string_tune.fiddle.digital/eu-assets.i.posthog.com/src/utils/globals.ts(10,8): error TS2307: Cannot find module '../types' or its corresponding type declarations.
string_tune.fiddle.digital/eu-assets.i.posthog.com/src/utils/globals.ts(19,8): error TS2307: Cannot find module '../posthog-conversations-types' or its corresponding type declarations.
string_tune.fiddle.digital/eu-assets.i.posthog.com/src/utils/globals.ts(22,58): error TS2307: Cannot find module '../extensions/replay/external/triggerMatching' or its corresponding type declarations.
string_tune.fiddle.digital/eu-assets.i.posthog.com/src/utils/globals.ts(23,31): error TS2307: Cannot find module '../extensions/replay/types/rrweb-types' or its corresponding type declarations.
string_tune.fiddle.digital/eu-assets.i.posthog.com/src/utils/globals.ts(24,31): error TS2307: Cannot find module '@posthog/core' or its corresponding type declarations.
string_tune.fiddle.digital/eu-assets.i.posthog.com/src/utils/index.ts(1,37): error TS2307: Cannot find module '../types' or its corresponding type declarations.
string_tune.fiddle.digital/eu-assets.i.posthog.com/src/utils/index.ts(4,105): error TS2307: Cannot find module '@posthog/core' or its corresponding type declarations.
string_tune.fiddle.digital/eu-assets.i.posthog.com/src/utils/index.ts(14,30): error TS18049: 'obj' is possibly 'null' or 'undefined'.
string_tune.fiddle.digital/eu-assets.i.posthog.com/src/utils/index.ts(15,13): error TS18049: 'obj' is possibly 'null' or 'undefined'.
string_tune.fiddle.digital/eu-assets.i.posthog.com/src/utils/index.ts(16,32): error TS18049: 'obj' is possibly 'null' or 'undefined'.
string_tune.fiddle.digital/eu-assets.i.posthog.com/src/utils/index.ts(83,26): error TS18047: 'obj' is possibly 'null'.
string_tune.fiddle.digital/eu-assets.i.posthog.com/src/utils/index.ts(84,16): error TS18047: 'obj' is possibly 'null'.
string_tune.fiddle.digital/eu-assets.i.posthog.com/src/utils/index.ts(174,23): error TS2345: Argument of type 'T' is not assignable to parameter of type 'any[] | null | undefined'.
  Type 'Record<string, any>' is missing the following properties from type 'any[]': length, pop, push, concat, and 35 more.
    Type 'T' is not assignable to type 'any[]'.
      Type 'Record<string, any>' is missing the following properties from type 'any[]': length, pop, push, concat, and 35 more.
string_tune.fiddle.digital/eu-assets.i.posthog.com/src/utils/index.ts(196,47): error TS2345: Argument of type 'number | null' is not assignable to parameter of type 'number | undefined'.
  Type 'null' is not assignable to type 'number | undefined'.
string_tune.fiddle.digital/eu-assets.i.posthog.com/src/utils/index.ts(216,26): error TS18048: 'hostname' is possibly 'undefined'.
string_tune.fiddle.digital/eu-assets.i.posthog.com/src/utils/logger.ts(1,20): error TS2307: Cannot find module '../config' or its corresponding type declarations.
string_tune.fiddle.digital/eu-assets.i.posthog.com/src/utils/logger.ts(2,29): error TS2307: Cannot find module '@posthog/core' or its corresponding type declarations.
string_tune.fiddle.digital/eu-assets.i.posthog.com/src/utils/logger.ts(4,29): error TS2307: Cannot find module '@posthog/core' or its corresponding type declarations.
string_tune.fiddle.digital/eu-assets.i.posthog.com/src/utils/property-utils.ts(1,37): error TS2307: Cannot find module '@posthog/core' or its corresponding type declarations.
string_tune.fiddle.digital/eu-assets.i.posthog.com/src/utils/property-utils.ts(4,33): error TS2307: Cannot find module '../types' or its corresponding type declarations.
string_tune.fiddle.digital/eu-assets.i.posthog.com/src/utils/survey-url-prefill.ts(4,29): error TS2307: Cannot find module '@posthog/core' or its corresponding type declarations.
string_tune.fiddle.digital/eu-assets.i.posthog.com/src/utils/survey-url-prefill.ts(109,47): error TS2802: Type 'Set<string>' can only be iterated through when using the '--downlevelIteration' flag or with a '--target' of 'es2015' or higher.
string_tune.fiddle.digital/eu-assets.i.posthog.com/src/uuidv7.ts(14,39): error TS2307: Cannot find module '@posthog/core' or its corresponding type declarations.
string_tune.fiddle.digital/eu-assets.i.posthog.com/src/uuidv7.ts(25,44): error TS2345: Argument of type 'unknown' is not assignable to parameter of type 'number'.
string_tune.fiddle.digital/eu-assets.i.posthog.com/src/uuidv7.ts(25,65): error TS2345: Argument of type 'unknown' is not assignable to parameter of type 'number'.
string_tune.fiddle.digital/eu-assets.i.posthog.com/src/uuidv7.ts(148,13): error TS2322: Type 'UUID | undefined' is not assignable to type 'UUID'.
  Type 'undefined' is not assignable to type 'UUID'.
string_tune.fiddle.digital/eu-assets.i.posthog.com/src/uuidv7.ts(156,13): error TS2322: Type 'UUID | undefined' is not assignable to type 'UUID'.
  Type 'undefined' is not assignable to type 'UUID'.
